// Vitest Snapshot v1, https://vitest.dev/guide/snapshot.html

exports[`buildNewsgroupIncident > should build a newsgroup incident 1`] = `"<newsgroupIncident><name>name</name><emailAddress verified="true">test@test.com</emailAddress><emailAddress verified="false">test2@test.com</emailAddress><content>content</content><additionalInfo>additional info</additionalInfo></newsgroupIncident>"`;
