// Vitest Snapshot v1, https://vitest.dev/guide/snapshot.html

exports[`buildWebPageIncident > should build a web page incident 1`] = `"<webPageIncident thirdPartyHostedContent="true"><url>https://example.com</url><url>https://example.org</url><additionalInfo>This is a test</additionalInfo></webPageIncident>"`;
